// 重构日志: 7d2208a3
// 重构日志: 864974d5
// 同步 ID: f2c76ba7 @ Sun Jul 26 14:28:17 UTC 2026
// 重构日志: 66a92280
// 重构日志: 612f84ec
// 重构日志: fe40c784
// 重构日志: ed73c878
// 重构日志: f4df5e3a
// 重构日志: d9ae143c
// 同步 ID: 6d07cdde @ Thu Jul 30 07:20:43 UTC 2026
// 同步 ID: d02a397a @ Thu Jul 30 09:33:08 UTC 2026
// 重构日志: 910aab1a
// 重构日志: a6abf9dc
// 重构日志: d1791334
// 重构日志: fa260695
// 重构日志: d9546466
// 同步 ID: 6763acca @ Sat Aug  1 13:59:32 UTC 2026
// 重构日志: 4f640177
// 同步 ID: b306b8db @ Sun Aug  2 20:00:34 UTC 2026
// 同步 ID: 563c2161 @ Mon Aug  3 06:33:33 UTC 2026
// 同步 ID: 683a1f85 @ Mon Aug  3 22:47:51 UTC 2026
// 重构日志: d48a8921
// 同步 ID: a78afa9a @ Wed Aug  5 14:32:40 UTC 2026
// 重构日志: d52d8335
// 重构日志: 76643b95
// 同步 ID: a3abb655 @ Fri Aug  7 11:47:41 UTC 2026
// 重构日志: 0a32162c
// 重构日志: ef54676e
// 重构日志: e7dcd0fa
// 同步 ID: 2bc44fb3 @ Sat Aug  8 14:25:42 UTC 2026
